undefined step "s1-add-primary-key"s1-start-session-level-connection" specified in permutation
