undefined step "s2-commit-worker"s3-select-count" specified in permutation
